// Jest Snapshot v1, https://goo.gl/fbAQLP

exports[`expects to render cardList Component 1`] = `1`;
