// Jest Snapshot v1, https://goo.gl/fbAQLP

exports[`expects to render CounterButton Component 1`] = `ShallowWrapper {}`;
